Archive member included to satisfy reference by file (symbol)

c:/program files (x86)/gnu tools arm embedded/5.4 2016q3/bin/../lib/gcc/arm-none-eabi/5.4.1/../../../../arm-none-eabi/lib/armv7e-m\libg_nano.a(lib_a-atoi.o)
                              ./src/main.o (atoi)
c:/program files (x86)/gnu tools arm embedded/5.4 2016q3/bin/../lib/gcc/arm-none-eabi/5.4.1/../../../../arm-none-eabi/lib/armv7e-m\libg_nano.a(lib_a-errno.o)
                              ./system/src/newlib/_sbrk.o (__errno)
c:/program files (x86)/gnu tools arm embedded/5.4 2016q3/bin/../lib/gcc/arm-none-eabi/5.4.1/../../../../arm-none-eabi/lib/armv7e-m\libg_nano.a(lib_a-findfp.o)
                              ./system/src/newlib/_syscalls.o (__sinit)
c:/program files (x86)/gnu tools arm embedded/5.4 2016q3/bin/../lib/gcc/arm-none-eabi/5.4.1/../../../../arm-none-eabi/lib/armv7e-m\libg_nano.a(lib_a-fwalk.o)
                              c:/program files (x86)/gnu tools arm embedded/5.4 2016q3/bin/../lib/gcc/arm-none-eabi/5.4.1/../../../../arm-none-eabi/lib/armv7e-m\libg_nano.a(lib_a-findfp.o) (_fwalk)
c:/program files (x86)/gnu tools arm embedded/5.4 2016q3/bin/../lib/gcc/arm-none-eabi/5.4.1/../../../../arm-none-eabi/lib/armv7e-m\libg_nano.a(lib_a-fwrite.o)
                              ./src/main.o (fwrite)
c:/program files (x86)/gnu tools arm embedded/5.4 2016q3/bin/../lib/gcc/arm-none-eabi/5.4.1/../../../../arm-none-eabi/lib/armv7e-m\libg_nano.a(lib_a-impure.o)
                              c:/program files (x86)/gnu tools arm embedded/5.4 2016q3/bin/../lib/gcc/arm-none-eabi/5.4.1/../../../../arm-none-eabi/lib/armv7e-m\libg_nano.a(lib_a-findfp.o) (_global_impure_ptr)
c:/program files (x86)/gnu tools arm embedded/5.4 2016q3/bin/../lib/gcc/arm-none-eabi/5.4.1/../../../../arm-none-eabi/lib/armv7e-m\libg_nano.a(lib_a-locale.o)
                              ./system/src/newlib/_syscalls.o (__locale_ctype_ptr)
c:/program files (x86)/gnu tools arm embedded/5.4 2016q3/bin/../lib/gcc/arm-none-eabi/5.4.1/../../../../arm-none-eabi/lib/armv7e-m\libg_nano.a(lib_a-mbtowc_r.o)
                              c:/program files (x86)/gnu tools arm embedded/5.4 2016q3/bin/../lib/gcc/arm-none-eabi/5.4.1/../../../../arm-none-eabi/lib/armv7e-m\libg_nano.a(lib_a-locale.o) (__ascii_mbtowc)
c:/program files (x86)/gnu tools arm embedded/5.4 2016q3/bin/../lib/gcc/arm-none-eabi/5.4.1/../../../../arm-none-eabi/lib/armv7e-m\libg_nano.a(lib_a-memset.o)
                              ./system/src/newlib/_syscalls.o (memset)
c:/program files (x86)/gnu tools arm embedded/5.4 2016q3/bin/../lib/gcc/arm-none-eabi/5.4.1/../../../../arm-none-eabi/lib/armv7e-m\libg_nano.a(lib_a-nano-mallocr.o)
                              c:/program files (x86)/gnu tools arm embedded/5.4 2016q3/bin/../lib/gcc/arm-none-eabi/5.4.1/../../../../arm-none-eabi/lib/armv7e-m\libg_nano.a(lib_a-findfp.o) (_malloc_r)
c:/program files (x86)/gnu tools arm embedded/5.4 2016q3/bin/../lib/gcc/arm-none-eabi/5.4.1/../../../../arm-none-eabi/lib/armv7e-m\libg_nano.a(lib_a-puts.o)
                              ./src/main.o (puts)
c:/program files (x86)/gnu tools arm embedded/5.4 2016q3/bin/../lib/gcc/arm-none-eabi/5.4.1/../../../../arm-none-eabi/lib/armv7e-m\libg_nano.a(lib_a-sbrkr.o)
                              c:/program files (x86)/gnu tools arm embedded/5.4 2016q3/bin/../lib/gcc/arm-none-eabi/5.4.1/../../../../arm-none-eabi/lib/armv7e-m\libg_nano.a(lib_a-nano-mallocr.o) (_sbrk_r)
c:/program files (x86)/gnu tools arm embedded/5.4 2016q3/bin/../lib/gcc/arm-none-eabi/5.4.1/../../../../arm-none-eabi/lib/armv7e-m\libg_nano.a(lib_a-stdio.o)
                              c:/program files (x86)/gnu tools arm embedded/5.4 2016q3/bin/../lib/gcc/arm-none-eabi/5.4.1/../../../../arm-none-eabi/lib/armv7e-m\libg_nano.a(lib_a-findfp.o) (__sread)
c:/program files (x86)/gnu tools arm embedded/5.4 2016q3/bin/../lib/gcc/arm-none-eabi/5.4.1/../../../../arm-none-eabi/lib/armv7e-m\libg_nano.a(lib_a-strcmp.o)
                              ./system/src/cortexm/exception_handlers.o (strcmp)
c:/program files (x86)/gnu tools arm embedded/5.4 2016q3/bin/../lib/gcc/arm-none-eabi/5.4.1/../../../../arm-none-eabi/lib/armv7e-m\libg_nano.a(lib_a-strlen.o)
                              ./system/src/newlib/_syscalls.o (strlen)
c:/program files (x86)/gnu tools arm embedded/5.4 2016q3/bin/../lib/gcc/arm-none-eabi/5.4.1/../../../../arm-none-eabi/lib/armv7e-m\libg_nano.a(lib_a-strncpy.o)
                              ./system/src/newlib/_syscalls.o (strncpy)
c:/program files (x86)/gnu tools arm embedded/5.4 2016q3/bin/../lib/gcc/arm-none-eabi/5.4.1/../../../../arm-none-eabi/lib/armv7e-m\libg_nano.a(lib_a-strtol.o)
                              c:/program files (x86)/gnu tools arm embedded/5.4 2016q3/bin/../lib/gcc/arm-none-eabi/5.4.1/../../../../arm-none-eabi/lib/armv7e-m\libg_nano.a(lib_a-atoi.o) (_strtol_r)
[...]
Memory Configuration

Name             Origin             Length             Attributes
FLASH            0x00000000         0x00040000         xr
RAM              0x20000000         0x00008000         xrw
CCMRAM           0x10000000         0x00000000         xrw
FLASHB1          0x00000000         0x00000000         xr
EXTMEMB0         0x00000000         0x00000000         xr
EXTMEMB1         0x00000000         0x00000000         xr
EXTMEMB2         0x00000000         0x00000000         xr
EXTMEMB3         0x00000000         0x00000000         xr
*default*        0x00000000         0xffffffff

Linker script and memory map

LOAD ./system/src/newlib/_cxx.o
LOAD ./system/src/newlib/_exit.o
LOAD ./system/src/newlib/_sbrk.o
LOAD ./system/src/newlib/_startup.o
LOAD ./system/src/newlib/_syscalls.o
LOAD ./system/src/newlib/assert.o
LOAD ./system/src/diag/Trace.o
LOAD ./system/src/diag/trace_impl.o
LOAD ./system/src/cortexm/_initialize_hardware.o
LOAD ./system/src/cortexm/_reset_hardware.o
LOAD ./system/src/cortexm/exception_handlers.o
LOAD ./system/src/cmsis/system_DEVICE.o
LOAD ./system/src/cmsis/vectors_DEVICE.o
LOAD ./src/Timer.o
LOAD ./src/_write.o
LOAD ./src/main.o
LOAD c:/program files (x86)/gnu tools arm embedded/5.4 2016q3/bin/../lib/gcc/arm-none-eabi/5.4.1/../../../../arm-none-eabi/lib/armv7e-m\libstdc++_nano.a
LOAD c:/program files (x86)/gnu tools arm embedded/5.4 2016q3/bin/../lib/gcc/arm-none-eabi/5.4.1/../../../../arm-none-eabi/lib/armv7e-m\libm.a
START GROUP
LOAD c:/program files (x86)/gnu tools arm embedded/5.4 2016q3/bin/../lib/gcc/arm-none-eabi/5.4.1/armv7e-m\libgcc.a
LOAD c:/program files (x86)/gnu tools arm embedded/5.4 2016q3/bin/../lib/gcc/arm-none-eabi/5.4.1/../../../../arm-none-eabi/lib/armv7e-m\libg_nano.a
LOAD c:/program files (x86)/gnu tools arm embedded/5.4 2016q3/bin/../lib/gcc/arm-none-eabi/5.4.1/../../../../arm-none-eabi/lib/armv7e-m\libc_nano.a
END GROUP
START GROUP
LOAD c:/program files (x86)/gnu tools arm embedded/5.4 2016q3/bin/../lib/gcc/arm-none-eabi/5.4.1/armv7e-m\libgcc.a
LOAD c:/program files (x86)/gnu tools arm embedded/5.4 2016q3/bin/../lib/gcc/arm-none-eabi/5.4.1/../../../../arm-none-eabi/lib/armv7e-m\libc_nano.a
END GROUP
                0x20008000                __stack = (ORIGIN (RAM) + LENGTH (RAM))
                0x20008000                _estack = __stack
                0x00000400                __Main_Stack_Size = 0x400
                [!provide]                PROVIDE (_Main_Stack_Size, __Main_Stack_Size)
                0x20007c00                __Main_Stack_Limit = (__stack - __Main_Stack_Size)
                [!provide]                PROVIDE (_Main_Stack_Limit, __Main_Stack_Limit)
                0x00000100                _Minimum_Stack_Size = 0x100
                0x2000039c                PROVIDE (_Heap_Begin, _end_noinit)
                0x20007c00                PROVIDE (_Heap_Limit, (__stack - __Main_Stack_Size))

.isr_vector     0x00000000      0x28c
 FILL mask 0xff
                0x00000000                __vectors_start = ABSOLUTE (.)
                0x00000000                __vectors_start__ = ABSOLUTE (.)
 *(.isr_vector)
 .isr_vector    0x00000000       0x44 ./system/src/cmsis/vectors_DEVICE.o
                0x00000000                __isr_vectors
 *(.cfmconfig)
 *(.after_vectors .after_vectors.*)
 .after_vectors
                0x00000044      0x114 ./system/src/newlib/_startup.o
                0x00000044                _start
 .after_vectors
                0x00000158      0x130 ./system/src/cortexm/exception_handlers.o
                0x00000158                Reset_Handler
                0x00000160                NMI_Handler
                0x00000164                HardFault_Handler
                0x00000178                HardFault_Handler_C
                0x000001d8                MemManage_Handler
                0x000001dc                BusFault_Handler
                0x000001f0                BusFault_Handler_C
                0x00000224                UsageFault_Handler
                0x00000238                UsageFault_Handler_C
                0x0000026c                SVC_Handler
                0x00000270                DebugMon_Handler
                0x00000274                PendSV_Handler
 .after_vectors
                0x00000288        0x4 ./system/src/cmsis/vectors_DEVICE.o
                0x00000288                Default_Handler
                0x00000288                DeviceInterrupt_Handler

.inits          0x0000028c       0x28
                0x0000028c                __data_regions_array_start = .
                0x0000028c        0x4 LONG 0x2270 LOADADDR (.data)
                0x00000290        0x4 LONG 0x20000000 ADDR (.data)
                0x00000294        0x4 LONG 0x200001dc (ADDR (.data) + SIZEOF (.data))
                0x00000298        0x4 LONG 0x2270 LOADADDR (.data_CCMRAM)
                0x0000029c        0x4 LONG 0x10000000 ADDR (.data_CCMRAM)
                0x000002a0        0x4 LONG 0x10000000 (ADDR (.data_CCMRAM) + SIZEOF (.data_CCMRAM))
                0x000002a4                __data_regions_array_end = .
                0x000002a4                __bss_regions_array_start = .
                0x000002a4        0x4 LONG 0x200001dc ADDR (.bss)
                0x000002a8        0x4 LONG 0x2000039c (ADDR (.bss) + SIZEOF (.bss))
                0x000002ac        0x4 LONG 0x10000000 ADDR (.bss_CCMRAM)
                0x000002b0        0x4 LONG 0x10000000 (ADDR (.bss_CCMRAM) + SIZEOF (.bss_CCMRAM))
                0x000002b4                __bss_regions_array_end = .
 *(.init)
 *(.fini)
                0x000002b4                . = ALIGN (0x4)
                0x000002b4                PROVIDE (__preinit_array_start, .)
 *(.preinit_array_sysinit .preinit_array_sysinit.*)
 *(.preinit_array_platform .preinit_array_platform.*)
 *(.preinit_array .preinit_array.*)
                0x000002b4                PROVIDE (__preinit_array_end, .)
                0x000002b4                . = ALIGN (0x4)
                0x000002b4                PROVIDE (__init_array_start, .)
 *(SORT(.init_array.*))
 *(.init_array)
                0x000002b4                PROVIDE (__init_array_end, .)
                0x000002b4                . = ALIGN (0x4)
                0x000002b4                PROVIDE (__fini_array_start, .)
 *(SORT(.fini_array.*))
 *(.fini_array)
                0x000002b4                PROVIDE (__fini_array_end, .)

.flashtext
 *(.flashtext .flashtext.*)

.text           0x000002c0     0x1fae
 *(.text .text.*)
 .text._sbrk    0x000002c0       0x44 ./system/src/newlib/_sbrk.o
                0x000002c0                _sbrk
 .text.get_errno
                0x00000304       0x14 ./system/src/newlib/_syscalls.o
 .text.error    0x00000318       0x14 ./system/src/newlib/_syscalls.o
 .text.checkerror
                0x0000032c       0x10 ./system/src/newlib/_syscalls.o
 .text.findslot
                0x0000033c       0x3c ./system/src/newlib/_syscalls.o
 .text._exit    0x00000378       0x20 ./system/src/newlib/_syscalls.o
                0x00000378                _exit
 .text.initialise_monitor_handles
                0x00000398       0xa8 ./system/src/newlib/_syscalls.o
                0x00000398                initialise_monitor_handles
 .text.__initialize_args
                0x00000440       0xec ./system/src/newlib/_syscalls.o
                0x00000440                __initialize_args
 .text._swiread
                0x0000052c       0x20 ./system/src/newlib/_syscalls.o
                0x0000052c                _swiread
 .text._read    0x0000054c       0x38 ./system/src/newlib/_syscalls.o
                0x0000054c                _read
 .text._swilseek
                0x00000584       0xbc ./system/src/newlib/_syscalls.o
                0x00000584                _swilseek
 .text._lseek   0x00000640        0x8 ./system/src/newlib/_syscalls.o
                0x00000640                _lseek
 .text._swiwrite
                0x00000648       0x20 ./system/src/newlib/_syscalls.o
                0x00000648                _swiwrite
 .text._write   0x00000668       0x44 ./system/src/newlib/_syscalls.o
                0x00000668                _write
 .text._swiclose
                0x000006ac       0x20 ./system/src/newlib/_syscalls.o
                0x000006ac                _swiclose
 .text._close   0x000006cc       0x4c ./system/src/newlib/_syscalls.o
                0x000006cc                _close
 .text._swistat
                0x00000718       0x4c ./system/src/newlib/_syscalls.o
                0x00000718                _swistat
 .text._fstat   0x00000764       0x1c ./system/src/newlib/_syscalls.o
                0x00000764                _fstat
 .text._isatty  0x00000780       0x38 ./system/src/newlib/_syscalls.o
                0x00000780                _isatty
 .text.trace_printf
                0x000007b8       0x30 ./system/src/diag/Trace.o
                0x000007b8                trace_printf
 .text.trace_puts
                0x000007e8       0x20 ./system/src/diag/Trace.o
                0x000007e8                trace_puts
 .text.trace_dump_args
                0x00000808       0x44 ./system/src/diag/Trace.o
                0x00000808                trace_dump_args
 .text._trace_write_semihosting_debug
                0x0000084c       0x64 ./system/src/diag/trace_impl.o
 .text.trace_write
                0x000008b0        0x8 ./system/src/diag/trace_impl.o
                0x000008b0                trace_write
 .text.__initialize_hardware_early
                0x000008b8       0x18 ./system/src/cortexm/_initialize_hardware.o
                0x000008b8                __initialize_hardware_early
 .text.__initialize_hardware
                0x000008d0        0x8 ./system/src/cortexm/_initialize_hardware.o
                0x000008d0                __initialize_hardware
 .text.dumpExceptionStack
                0x000008d8       0xf0 ./system/src/cortexm/exception_handlers.o
                0x000008d8                dumpExceptionStack
 .text.isSemihosting
                0x000009c8      0x100 ./system/src/cortexm/exception_handlers.o
                0x000009c8                isSemihosting
 .text.SystemCoreClockUpdate
                0x00000ac8       0x10 ./system/src/cmsis/system_DEVICE.o
                0x00000ac8                SystemCoreClockUpdate
 .text.SystemInit
                0x00000ad8       0x10 ./system/src/cmsis/system_DEVICE.o
                0x00000ad8                SystemInit
 .text._ZN5Timer5sleepEm
                0x00000ae8       0x14 ./src/Timer.o
                0x00000ae8                Timer::sleep(unsigned long)
 .text.SysTick_Handler
                0x00000afc       0x14 ./src/Timer.o
                0x00000afc                SysTick_Handler
 .text.main     0x00000b10       0xb0 ./src/main.o
                0x00000b10                main
 .text.atoi     0x00000bc0        0x8 c:/program files (x86)/gnu tools arm embedded/5.4 2016q3/bin/../lib/gcc/arm-none-eabi/5.4.1/../../../../arm-none-eabi/lib/armv7e-m\libg_nano.a(lib_a-atoi.o)
                0x00000bc0                atoi
 .text.__errno  0x00000bc8        0xc c:/program files (x86)/gnu tools arm embedded/5.4 2016q3/bin/../lib/gcc/arm-none-eabi/5.4.1/../../../../arm-none-eabi/lib/armv7e-m\libg_nano.a(lib_a-errno.o)
                0x00000bc8                __errno
 .text._cleanup_r
                0x00000bd4        0xc c:/program files (x86)/gnu tools arm embedded/5.4 2016q3/bin/../lib/gcc/arm-none-eabi/5.4.1/../../../../arm-none-eabi/lib/armv7e-m\libg_nano.a(lib_a-findfp.o)
                0x00000bd4                _cleanup_r
 .text.std.isra.0
                0x00000be0       0x48 c:/program files (x86)/gnu tools arm embedded/5.4 2016q3/bin/../lib/gcc/arm-none-eabi/5.4.1/../../../../arm-none-eabi/lib/armv7e-m\libg_nano.a(lib_a-findfp.o)
 .text.__sfmoreglue
                0x00000c28       0x2c c:/program files (x86)/gnu tools arm embedded/5.4 2016q3/bin/../lib/gcc/arm-none-eabi/5.4.1/../../../../arm-none-eabi/lib/armv7e-m\libg_nano.a(lib_a-findfp.o)
                0x00000c28                __sfmoreglue
 .text.__sinit  0x00000c54       0x60 c:/program files (x86)/gnu tools arm embedded/5.4 2016q3/bin/../lib/gcc/arm-none-eabi/5.4.1/../../../../arm-none-eabi/lib/armv7e-m\libg_nano.a(lib_a-findfp.o)
                0x00000c54                __sinit
 .text.__sfp    0x00000cb4       0x78 c:/program files (x86)/gnu tools arm embedded/5.4 2016q3/bin/../lib/gcc/arm-none-eabi/5.4.1/../../../../arm-none-eabi/lib/armv7e-m\libg_nano.a(lib_a-findfp.o)
                0x00000cb4                __sfp
 .text._fwalk_reent
                0x00000d2c       0x3c c:/program files (x86)/gnu tools arm embedded/5.4 2016q3/bin/../lib/gcc/arm-none-eabi/5.4.1/../../../../arm-none-eabi/lib/armv7e-m\libg_nano.a(lib_a-fwalk.o)
                0x00000d2c                _fwalk_reent
 .text._fwrite_r
                0x00000d68       0x9c c:/program files (x86)/gnu tools arm embedded/5.4 2016q3/bin/../lib/gcc/arm-none-eabi/5.4.1/../../../../arm-none-eabi/lib/armv7e-m\libg_nano.a(lib_a-fwrite.o)
                0x00000d68                _fwrite_r
 .text.fwrite   0x00000e04       0x1c c:/program files (x86)/gnu tools arm embedded/5.4 2016q3/bin/../lib/gcc/arm-none-eabi/5.4.1/../../../../arm-none-eabi/lib/armv7e-m\libg_nano.a(lib_a-fwrite.o)
                0x00000e04                fwrite
 .text.__get_current_locale
                0x00000e20       0x18 c:/program files (x86)/gnu tools arm embedded/5.4 2016q3/bin/../lib/gcc/arm-none-eabi/5.4.1/../../../../arm-none-eabi/lib/armv7e-m\libg_nano.a(lib_a-locale.o)
 .text.__locale_ctype_ptr_l
                0x00000e38        0x6 c:/program files (x86)/gnu tools arm embedded/5.4 2016q3/bin/../lib/gcc/arm-none-eabi/5.4.1/../../../../arm-none-eabi/lib/armv7e-m\libg_nano.a(lib_a-locale.o)
                0x00000e38                __locale_ctype_ptr_l
 *fill*         0x00000e3e        0x2 
 .text.__locale_ctype_ptr
                0x00000e40       0x14 c:/program files (x86)/gnu tools arm embedded/5.4 2016q3/bin/../lib/gcc/arm-none-eabi/5.4.1/../../../../arm-none-eabi/lib/armv7e-m\libg_nano.a(lib_a-locale.o)
                0x00000e40                __locale_ctype_ptr
 .text.__ascii_mbtowc
                0x00000e54       0x24 c:/program files (x86)/gnu tools arm embedded/5.4 2016q3/bin/../lib/gcc/arm-none-eabi/5.4.1/../../../../arm-none-eabi/lib/armv7e-m\libg_nano.a(lib_a-mbtowc_r.o)
                0x00000e54                __ascii_mbtowc
 .text.memset   0x00000e78       0x10 c:/program files (x86)/gnu tools arm embedded/5.4 2016q3/bin/../lib/gcc/arm-none-eabi/5.4.1/../../../../arm-none-eabi/lib/armv7e-m\libg_nano.a(lib_a-memset.o)
                0x00000e78                memset
 .text._malloc_r
                0x00000e88       0xbc c:/program files (x86)/gnu tools arm embedded/5.4 2016q3/bin/../lib/gcc/arm-none-eabi/5.4.1/../../../../arm-none-eabi/lib/armv7e-m\libg_nano.a(lib_a-nano-mallocr.o)
                0x00000e88                _malloc_r
 .text._puts_r  0x00000f44       0xb4 c:/program files (x86)/gnu tools arm embedded/5.4 2016q3/bin/../lib/gcc/arm-none-eabi/5.4.1/../../../../arm-none-eabi/lib/armv7e-m\libg_nano.a(lib_a-puts.o)
                0x00000f44                _puts_r
 .text.puts     0x00000ff8       0x10 c:/program files (x86)/gnu tools arm embedded/5.4 2016q3/bin/../lib/gcc/arm-none-eabi/5.4.1/../../../../arm-none-eabi/lib/armv7e-m\libg_nano.a(lib_a-puts.o)
                0x00000ff8                puts
 .text._sbrk_r  0x00001008       0x20 c:/program files (x86)/gnu tools arm embedded/5.4 2016q3/bin/../lib/gcc/arm-none-eabi/5.4.1/../../../../arm-none-eabi/lib/armv7e-m\libg_nano.a(lib_a-sbrkr.o)
                0x00001008                _sbrk_r
 .text.__sread  0x00001028       0x22 c:/program files (x86)/gnu tools arm embedded/5.4 2016q3/bin/../lib/gcc/arm-none-eabi/5.4.1/../../../../arm-none-eabi/lib/armv7e-m\libg_nano.a(lib_a-stdio.o)
                0x00001028                __sread
 .text.__swrite
                0x0000104a       0x38 c:/program files (x86)/gnu tools arm embedded/5.4 2016q3/bin/../lib/gcc/arm-none-eabi/5.4.1/../../../../arm-none-eabi/lib/armv7e-m\libg_nano.a(lib_a-stdio.o)
                0x0000104a                __swrite
 .text.__sseek  0x00001082       0x24 c:/program files (x86)/gnu tools arm embedded/5.4 2016q3/bin/../lib/gcc/arm-none-eabi/5.4.1/../../../../arm-none-eabi/lib/armv7e-m\libg_nano.a(lib_a-stdio.o)
                0x00001082                __sseek
 .text.__sclose
                0x000010a6        0x8 c:/program files (x86)/gnu tools arm embedded/5.4 2016q3/bin/../lib/gcc/arm-none-eabi/5.4.1/../../../../arm-none-eabi/lib/armv7e-m\libg_nano.a(lib_a-stdio.o)
                0x000010a6                __sclose
 .text          0x000010ae       0x14 c:/program files (x86)/gnu tools arm embedded/5.4 2016q3/bin/../lib/gcc/arm-none-eabi/5.4.1/../../../../arm-none-eabi/lib/armv7e-m\libg_nano.a(lib_a-strcmp.o)
                0x000010ae                strcmp
 .text          0x000010c2       0x10 c:/program files (x86)/gnu tools arm embedded/5.4 2016q3/bin/../lib/gcc/arm-none-eabi/5.4.1/../../../../arm-none-eabi/lib/armv7e-m\libg_nano.a(lib_a-strlen.o)
                0x000010c2                strlen
 .text._strtol_l.isra.0
                0x000010d2      0x110 c:/program files (x86)/gnu tools arm embedded/5.4 2016q3/bin/../lib/gcc/arm-none-eabi/5.4.1/../../../../arm-none-eabi/lib/armv7e-m\libg_nano.a(lib_a-strtol.o)
 *fill*         0x000011e2        0x2 
 .text.strtol   0x000011e4       0x2c c:/program files (x86)/gnu tools arm embedded/5.4 2016q3/bin/../lib/gcc/arm-none-eabi/5.4.1/../../../../arm-none-eabi/lib/armv7e-m\libg_nano.a(lib_a-strtol.o)
                0x000011e4                strtol
 .text._vsnprintf_r
                0x00001210       0x56 c:/program files (x86)/gnu tools arm embedded/5.4 2016q3/bin/../lib/gcc/arm-none-eabi/5.4.1/../../../../arm-none-eabi/lib/armv7e-m\libg_nano.a(lib_a-vsnprintf.o)
                0x00001210                _vsniprintf_r
                0x00001210                _vsnprintf_r
 *fill*         0x00001266        0x2 
 .text.vsnprintf
                0x00001268       0x1c c:/program files (x86)/gnu tools arm embedded/5.4 2016q3/bin/../lib/gcc/arm-none-eabi/5.4.1/../../../../arm-none-eabi/lib/armv7e-m\libg_nano.a(lib_a-vsnprintf.o)
                0x00001268                vsniprintf
                0x00001268                vsnprintf
 .text.__swbuf_r
                0x00001284       0xa8 c:/program files (x86)/gnu tools arm embedded/5.4 2016q3/bin/../lib/gcc/arm-none-eabi/5.4.1/../../../../arm-none-eabi/lib/armv7e-m\libg_nano.a(lib_a-wbuf.o)
                0x00001284                __swbuf_r
 .text.__ascii_wctomb
                0x0000132c       0x1a c:/program files (x86)/gnu tools arm embedded/5.4 2016q3/bin/../lib/gcc/arm-none-eabi/5.4.1/../../../../arm-none-eabi/lib/armv7e-m\libg_nano.a(lib_a-wctomb_r.o)
                0x0000132c                __ascii_wctomb
 *fill*         0x00001346        0x2 
 .text._write_r
                0x00001348       0x24 c:/program files (x86)/gnu tools arm embedded/5.4 2016q3/bin/../lib/gcc/arm-none-eabi/5.4.1/../../../../arm-none-eabi/lib/armv7e-m\libg_nano.a(lib_a-writer.o)
                0x00001348                _write_r
 .text.__swsetup_r
                0x0000136c       0xdc c:/program files (x86)/gnu tools arm embedded/5.4 2016q3/bin/../lib/gcc/arm-none-eabi/5.4.1/../../../../arm-none-eabi/lib/armv7e-m\libg_nano.a(lib_a-wsetup.o)
                0x0000136c                __swsetup_r
 .text._close_r
                0x00001448       0x20 c:/program files (x86)/gnu tools arm embedded/5.4 2016q3/bin/../lib/gcc/arm-none-eabi/5.4.1/../../../../arm-none-eabi/lib/armv7e-m\libg_nano.a(lib_a-closer.o)
                0x00001448                _close_r
 .text.__sflush_r
                0x00001468      0x110 c:/program files (x86)/gnu tools arm embedded/5.4 2016q3/bin/../lib/gcc/arm-none-eabi/5.4.1/../../../../arm-none-eabi/lib/armv7e-m\libg_nano.a(lib_a-fflush.o)
                0x00001468                __sflush_r
 .text._fflush_r
                0x00001578       0x54 c:/program files (x86)/gnu tools arm embedded/5.4 2016q3/bin/../lib/gcc/arm-none-eabi/5.4.1/../../../../arm-none-eabi/lib/armv7e-m\libg_nano.a(lib_a-fflush.o)
                0x00001578                _fflush_r
 .text._lseek_r
                0x000015cc       0x24 c:/program files (x86)/gnu tools arm embedded/5.4 2016q3/bin/../lib/gcc/arm-none-eabi/5.4.1/../../../../arm-none-eabi/lib/armv7e-m\libg_nano.a(lib_a-lseekr.o)
                0x000015cc                _lseek_r
 .text.__swhatbuf_r
                0x000015f0       0x46 c:/program files (x86)/gnu tools arm embedded/5.4 2016q3/bin/../lib/gcc/arm-none-eabi/5.4.1/../../../../arm-none-eabi/lib/armv7e-m\libg_nano.a(lib_a-makebuf.o)
                0x000015f0                __swhatbuf_r
 *fill*         0x00001636        0x2 
 .text.__smakebuf_r
                0x00001638       0x78 c:/program files (x86)/gnu tools arm embedded/5.4 2016q3/bin/../lib/gcc/arm-none-eabi/5.4.1/../../../../arm-none-eabi/lib/armv7e-m\libg_nano.a(lib_a-makebuf.o)
                0x00001638                __smakebuf_r
 .text.__malloc_lock
                0x000016b0        0x2 c:/program files (x86)/gnu tools arm embedded/5.4 2016q3/bin/../lib/gcc/arm-none-eabi/5.4.1/../../../../arm-none-eabi/lib/armv7e-m\libg_nano.a(lib_a-mlock.o)
                0x000016b0                __malloc_lock
 .text.__malloc_unlock
                0x000016b2        0x2 c:/program files (x86)/gnu tools arm embedded/5.4 2016q3/bin/../lib/gcc/arm-none-eabi/5.4.1/../../../../arm-none-eabi/lib/armv7e-m\libg_nano.a(lib_a-mlock.o)
                0x000016b2                __malloc_unlock
 .text._free_r  0x000016b4       0x9c c:/program files (x86)/gnu tools arm embedded/5.4 2016q3/bin/../lib/gcc/arm-none-eabi/5.4.1/../../../../arm-none-eabi/lib/armv7e-m\libg_nano.a(lib_a-nano-freer.o)
                0x000016b4                _free_r
 .text.__ssputs_r
                0x00001750       0xb2 c:/program files (x86)/gnu tools arm embedded/5.4 2016q3/bin/../lib/gcc/arm-none-eabi/5.4.1/../../../../arm-none-eabi/lib/armv7e-m\libg_nano.a(lib_a-nano-svfprintf.o)
                0x00001750                __ssputs_r
 *fill*         0x00001802        0x2 
 .text._svfprintf_r
                0x00001804      0x1e8 c:/program files (x86)/gnu tools arm embedded/5.4 2016q3/bin/../lib/gcc/arm-none-eabi/5.4.1/../../../../arm-none-eabi/lib/armv7e-m\libg_nano.a(lib_a-nano-svfprintf.o)
                0x00001804                _svfiprintf_r
                0x00001804                _svfprintf_r
 .text._printf_common
                0x000019ec       0xec c:/program files (x86)/gnu tools arm embedded/5.4 2016q3/bin/../lib/gcc/arm-none-eabi/5.4.1/../../../../arm-none-eabi/lib/armv7e-m\libg_nano.a(lib_a-nano-vfprintf_i.o)
                0x000019ec                _printf_common
 .text._printf_i
                0x00001ad8      0x24c c:/program files (x86)/gnu tools arm embedded/5.4 2016q3/bin/../lib/gcc/arm-none-eabi/5.4.1/../../../../arm-none-eabi/lib/armv7e-m\libg_nano.a(lib_a-nano-vfprintf_i.o)
                0x00001ad8                _printf_i
 .text._read_r  0x00001d24       0x24 c:/program files (x86)/gnu tools arm embedded/5.4 2016q3/bin/../lib/gcc/arm-none-eabi/5.4.1/../../../../arm-none-eabi/lib/armv7e-m\libg_nano.a(lib_a-readr.o)
                0x00001d24                _read_r
 .text._fstat_r
                0x00001d48       0x24 c:/program files (x86)/gnu tools arm embedded/5.4 2016q3/bin/../lib/gcc/arm-none-eabi/5.4.1/../../../../arm-none-eabi/lib/armv7e-m\libg_nano.a(lib_a-fstatr.o)
                0x00001d48                _fstat_r
 .text._isatty_r
                0x00001d6c       0x20 c:/program files (x86)/gnu tools arm embedded/5.4 2016q3/bin/../lib/gcc/arm-none-eabi/5.4.1/../../../../arm-none-eabi/lib/armv7e-m\libg_nano.a(lib_a-isattyr.o)
                0x00001d6c                _isatty_r
 *fill*         0x00001d8c        0x4 
 .text          0x00001d90       0xa0 c:/program files (x86)/gnu tools arm embedded/5.4 2016q3/bin/../lib/gcc/arm-none-eabi/5.4.1/../../../../arm-none-eabi/lib/armv7e-m\libg_nano.a(lib_a-memchr.o)
                0x00001d90                memchr
 .text.memcpy   0x00001e30       0x16 c:/program files (x86)/gnu tools arm embedded/5.4 2016q3/bin/../lib/gcc/arm-none-eabi/5.4.1/../../../../arm-none-eabi/lib/armv7e-m\libg_nano.a(lib_a-memcpy-stub.o)
                0x00001e30                memcpy
 .text.memmove  0x00001e46       0x36 c:/program files (x86)/gnu tools arm embedded/5.4 2016q3/bin/../lib/gcc/arm-none-eabi/5.4.1/../../../../arm-none-eabi/lib/armv7e-m\libg_nano.a(lib_a-memmove.o)
                0x00001e46                memmove
 .text._realloc_r
                0x00001e7c       0x4c c:/program files (x86)/gnu tools arm embedded/5.4 2016q3/bin/../lib/gcc/arm-none-eabi/5.4.1/../../../../arm-none-eabi/lib/armv7e-m\libg_nano.a(lib_a-nano-reallocr.o)
                0x00001e7c                _realloc_r
 .text._malloc_usable_size_r
                0x00001ec8       0x14 c:/program files (x86)/gnu tools arm embedded/5.4 2016q3/bin/../lib/gcc/arm-none-eabi/5.4.1/../../../../arm-none-eabi/lib/armv7e-m\libg_nano.a(lib_a-nano-msizer.o)
                0x00001ec8                _malloc_usable_size_r
 *(.rodata .rodata.* .constdata .constdata.*)
 .rodata.str1.4
                0x00001edc        0x9 ./system/src/newlib/_syscalls.o
 *fill*         0x00001ee5        0x3 
 .rodata.str1.4
                0x00001ee8       0x29 ./system/src/diag/Trace.o
                                 0x2d (size before relaxing)
 *fill*         0x00001f11        0x3 
 .rodata.str1.4
                0x00001f14      0x146 ./system/src/cortexm/exception_handlers.o
                                0x14a (size before relaxing)
 *fill*         0x0000205a        0x2 
 .rodata.str1.4
                0x0000205c       0x70 ./src/main.o
                                 0x6f (size before relaxing)
 .rodata.__sf_fake_stdin
                0x000020cc       0x20 c:/program files (x86)/gnu tools arm embedded/5.4 2016q3/bin/../lib/gcc/arm-none-eabi/5.4.1/../../../../arm-none-eabi/lib/armv7e-m\libg_nano.a(lib_a-findfp.o)
                0x000020cc                __sf_fake_stdin
 .rodata.__sf_fake_stdout
                0x000020ec       0x20 c:/program files (x86)/gnu tools arm embedded/5.4 2016q3/bin/../lib/gcc/arm-none-eabi/5.4.1/../../../../arm-none-eabi/lib/armv7e-m\libg_nano.a(lib_a-findfp.o)
                0x000020ec                __sf_fake_stdout
 .rodata.__sf_fake_stderr
                0x0000210c       0x20 c:/program files (x86)/gnu tools arm embedded/5.4 2016q3/bin/../lib/gcc/arm-none-eabi/5.4.1/../../../../arm-none-eabi/lib/armv7e-m\libg_nano.a(lib_a-findfp.o)
                0x0000210c                __sf_fake_stderr
 .rodata._global_impure_ptr
                0x0000212c        0x4 c:/program files (x86)/gnu tools arm embedded/5.4 2016q3/bin/../lib/gcc/arm-none-eabi/5.4.1/../../../../arm-none-eabi/lib/armv7e-m\libg_nano.a(lib_a-impure.o)
                0x0000212c                _global_impure_ptr
 .rodata.str1.1
                0x00002130        0xa c:/program files (x86)/gnu tools arm embedded/5.4 2016q3/bin/../lib/gcc/arm-none-eabi/5.4.1/../../../../arm-none-eabi/lib/armv7e-m\libg_nano.a(lib_a-locale.o)
                                  0xb (size before relaxing)
 .rodata._ctype_
                0x0000213a      0x101 c:/program files (x86)/gnu tools arm embedded/5.4 2016q3/bin/../lib/gcc/arm-none-eabi/5.4.1/../../../../arm-none-eabi/lib/armv7e-m\libg_nano.a(lib_a-ctype_.o)
                0x0000213a                _ctype_
 .rodata.str1.1
                0x0000223b       0x11 c:/program files (x86)/gnu tools arm embedded/5.4 2016q3/bin/../lib/gcc/arm-none-eabi/5.4.1/../../../../arm-none-eabi/lib/armv7e-m\libg_nano.a(lib_a-nano-svfprintf.o)
 .rodata.str1.1
                0x0000224c       0x22 c:/program files (x86)/gnu tools arm embedded/5.4 2016q3/bin/../lib/gcc/arm-none-eabi/5.4.1/../../../../arm-none-eabi/lib/armv7e-m\libg_nano.a(lib_a-nano-vfprintf_i.o)
 *(vtable)
 *(.eh_frame*)
 *(.glue_7)
 .glue_7        0x0000226e        0x0 linker stubs
 *(.glue_7t)
 .glue_7t       0x0000226e        0x0 linker stubs

.vfp11_veneer   0x00002270        0x0
 .vfp11_veneer  0x00002270        0x0 linker stubs

.v4_bx          0x00002270        0x0
 .v4_bx         0x00002270        0x0 linker stubs

.iplt           0x00002270        0x0
 .iplt          0x00002270        0x0 ./system/src/newlib/_cxx.o

.rel.dyn        0x00002270        0x0
 .rel.iplt      0x00002270        0x0 ./system/src/newlib/_cxx.o

.ARM.extab
 *(.ARM.extab* .gnu.linkonce.armextab.*)
                0x00002270                . = ALIGN (0x4)
                0x00002270                __exidx_start = .

.ARM.exidx
 *(.ARM.exidx* .gnu.linkonce.armexidx.*)
                0x00002270                __exidx_end = .
                0x00002270                . = ALIGN (0x4)
                0x00002270                _etext = .
                0x00002270                __etext = .

.data_CCMRAM    0x10000000        0x0 load address 0x00002270
 FILL mask 0xff
 *(.data.CCMRAM .data.CCMRAM.*)
                0x10000000                . = ALIGN (0x4)
                0x00002270                _sidata = LOADADDR (.data)

.data           0x20000000      0x1dc load address 0x00002270
 FILL mask 0xff
                0x20000000                _sdata = .
                0x20000000                __data_start__ = .
 *(.data_begin .data_begin.*)
 .data_begin    0x20000000        0x4 ./system/src/newlib/_startup.o
 *(.data .data.*)
 .data.SystemCoreClock
                0x20000004        0x4 ./system/src/cmsis/system_DEVICE.o
                0x20000004                SystemCoreClock
 .data.impure_data
                0x20000008       0x60 c:/program files (x86)/gnu tools arm embedded/5.4 2016q3/bin/../lib/gcc/arm-none-eabi/5.4.1/../../../../arm-none-eabi/lib/armv7e-m\libg_nano.a(lib_a-impure.o)
 .data._impure_ptr
                0x20000068        0x4 c:/program files (x86)/gnu tools arm embedded/5.4 2016q3/bin/../lib/gcc/arm-none-eabi/5.4.1/../../../../arm-none-eabi/lib/armv7e-m\libg_nano.a(lib_a-impure.o)
                0x20000068                _impure_ptr
 .data.__global_locale
                0x2000006c      0x16c c:/program files (x86)/gnu tools arm embedded/5.4 2016q3/bin/../lib/gcc/arm-none-eabi/5.4.1/../../../../arm-none-eabi/lib/armv7e-m\libg_nano.a(lib_a-locale.o)
                0x2000006c                __global_locale
 *(.data_end .data_end.*)
 .data_end      0x200001d8        0x4 ./system/src/newlib/_startup.o
                0x200001dc                . = ALIGN (0x4)
                0x200001dc                _edata = .
                0x200001dc                __data_end__ = .

.igot.plt       0x200001dc        0x0 load address 0x0000244c
 .igot.plt      0x200001dc        0x0 ./system/src/newlib/_cxx.o

.bss_CCMRAM     0x10000000        0x0
 *(.bss.CCMRAM .bss.CCMRAM.*)

.bss            0x200001dc      0x1c0
                0x200001dc                __bss_start__ = .
                0x200001dc                _sbss = .
 *(.bss_begin .bss_begin.*)
 .bss_begin     0x200001dc        0x4 ./system/src/newlib/_startup.o
 *(.bss .bss.*)
 .bss.current_heap_end.4454
                0x200001e0        0x4 ./system/src/newlib/_sbrk.o
 .bss.monitor_stdout
                0x200001e4        0x4 ./system/src/newlib/_syscalls.o
 .bss.args_buf.6307
                0x200001e8       0x50 ./system/src/newlib/_syscalls.o
 .bss.monitor_stdin
                0x20000238        0x4 ./system/src/newlib/_syscalls.o
 .bss.argv_buf.6308
                0x2000023c       0x28 ./system/src/newlib/_syscalls.o
 .bss.monitor_stderr
                0x20000264        0x4 ./system/src/newlib/_syscalls.o
 .bss.openfiles
                0x20000268       0xa0 ./system/src/newlib/_syscalls.o
 .bss.buf.5659  0x20000308       0x80 ./system/src/diag/Trace.o
 .bss._ZN5Timer13ms_delayCountE
                0x20000388        0x4 ./src/Timer.o
                0x20000388                Timer::ms_delayCount
 .bss.__malloc_sbrk_start
                0x2000038c        0x4 c:/program files (x86)/gnu tools arm embedded/5.4 2016q3/bin/../lib/gcc/arm-none-eabi/5.4.1/../../../../arm-none-eabi/lib/armv7e-m\libg_nano.a(lib_a-nano-mallocr.o)
                0x2000038c                __malloc_sbrk_start
 .bss.__malloc_free_list
                0x20000390        0x4 c:/program files (x86)/gnu tools arm embedded/5.4 2016q3/bin/../lib/gcc/arm-none-eabi/5.4.1/../../../../arm-none-eabi/lib/armv7e-m\libg_nano.a(lib_a-nano-mallocr.o)
                0x20000390                __malloc_free_list
 *(COMMON)
 COMMON         0x20000394        0x4 ./system/src/newlib/_syscalls.o
                0x20000394                errno
 *(.bss_end .bss_end.*)
 .bss_end       0x20000398        0x4 ./system/src/newlib/_startup.o
                0x2000039c                . = ALIGN (0x4)
                0x2000039c                __bss_end__ = .
                0x2000039c                _ebss = .

.noinit_CCMRAM
 *(.noinit.CCMRAM .noinit.CCMRAM.*)

.noinit         0x2000039c        0x0
                0x2000039c                _noinit = .
 *(.noinit .noinit.*)
                0x2000039c                . = ALIGN (0x4)
                0x2000039c                _end_noinit = .
                [!provide]                PROVIDE (end, _end_noinit)
                [!provide]                PROVIDE (_end, _end_noinit)
                [!provide]                PROVIDE (__end, _end_noinit)
                [!provide]                PROVIDE (__end__, _end_noinit)

._check_stack   0x2000039c      0x100
                0x2000049c                . = (. + _Minimum_Stack_Size)
 *fill*         0x2000039c      0x100 

.b1text
 *(.b1text)
 *(.b1rodata)
 *(.b1rodata.*)

.eb0text
 *(.eb0text)
 *(.eb0rodata)
 *(.eb0rodata.*)

.eb1text
 *(.eb1text)
 *(.eb1rodata)
 *(.eb1rodata.*)

.eb2text
 *(.eb2text)
 *(.eb2rodata)
 *(.eb2rodata.*)

.eb3text
 *(.eb3text)
 *(.eb3rodata)
 *(.eb3rodata.*)

.stab
 *(.stab)

.stabstr
 *(.stabstr)

.stab.excl
 *(.stab.excl)

.stab.exclstr
 *(.stab.exclstr)

.stab.index
 *(.stab.index)

.stab.indexstr
 *(.stab.indexstr)

.comment        0x00000000       0x6e
 *(.comment)
 .comment       0x00000000       0x6e ./system/src/newlib/_sbrk.o
                                 0x6f (size before relaxing)
 .comment       0x0000006e       0x6f ./system/src/newlib/_startup.o
 .comment       0x0000006e       0x6f ./system/src/newlib/_syscalls.o
 .comment       0x0000006e       0x6f ./system/src/diag/Trace.o
 .comment       0x0000006e       0x6f ./system/src/diag/trace_impl.o
 .comment       0x0000006e       0x6f ./system/src/cortexm/_initialize_hardware.o
 .comment       0x0000006e       0x6f ./system/src/cortexm/exception_handlers.o
 .comment       0x0000006e       0x6f ./system/src/cmsis/system_DEVICE.o
 .comment       0x0000006e       0x6f ./system/src/cmsis/vectors_DEVICE.o
 .comment       0x0000006e       0x6f ./src/Timer.o
 .comment       0x0000006e       0x6f ./src/main.o

.ARM.attributes
                0x00000000       0x31
 .ARM.attributes
                0x00000000       0x33 ./system/src/newlib/_sbrk.o
 .ARM.attributes
                0x00000033       0x33 ./system/src/newlib/_startup.o
 .ARM.attributes
                0x00000066       0x33 ./system/src/newlib/_syscalls.o
 .ARM.attributes
                0x00000099       0x33 ./system/src/diag/Trace.o
 .ARM.attributes
                0x000000cc       0x33 ./system/src/diag/trace_impl.o
 .ARM.attributes
                0x000000ff       0x33 ./system/src/cortexm/_initialize_hardware.o
 .ARM.attributes
                0x00000132       0x33 ./system/src/cortexm/exception_handlers.o
 .ARM.attributes
                0x00000165       0x33 ./system/src/cmsis/system_DEVICE.o
 .ARM.attributes
                0x00000198       0x33 ./system/src/cmsis/vectors_DEVICE.o
 .ARM.attributes
                0x000001cb       0x33 ./src/Timer.o
 .ARM.attributes
                0x000001fe       0x33 ./src/main.o
 .ARM.attributes
                0x00000231       0x2e c:/program files (x86)/gnu tools arm embedded/5.4 2016q3/bin/../lib/gcc/arm-none-eabi/5.4.1/../../../../arm-none-eabi/lib/armv7e-m\libg_nano.a(lib_a-atoi.o)
 .ARM.attributes
                0x0000025f       0x2e c:/program files (x86)/gnu tools arm embedded/5.4 2016q3/bin/../lib/gcc/arm-none-eabi/5.4.1/../../../../arm-none-eabi/lib/armv7e-m\libg_nano.a(lib_a-errno.o)
 .ARM.attributes
                0x0000028d       0x2e c:/program files (x86)/gnu tools arm embedded/5.4 2016q3/bin/../lib/gcc/arm-none-eabi/5.4.1/../../../../arm-none-eabi/lib/armv7e-m\libg_nano.a(lib_a-findfp.o)
 .ARM.attributes
                0x000002bb       0x2e c:/program files (x86)/gnu tools arm embedded/5.4 2016q3/bin/../lib/gcc/arm-none-eabi/5.4.1/../../../../arm-none-eabi/lib/armv7e-m\libg_nano.a(lib_a-fwalk.o)
 .ARM.attributes
                0x000002e9       0x2e c:/program files (x86)/gnu tools arm embedded/5.4 2016q3/bin/../lib/gcc/arm-none-eabi/5.4.1/../../../../arm-none-eabi/lib/armv7e-m\libg_nano.a(lib_a-fwrite.o)
 .ARM.attributes
                0x00000317       0x2e c:/program files (x86)/gnu tools arm embedded/5.4 2016q3/bin/../lib/gcc/arm-none-eabi/5.4.1/../../../../arm-none-eabi/lib/armv7e-m\libg_nano.a(lib_a-impure.o)
 .ARM.attributes
                0x00000345       0x2e c:/program files (x86)/gnu tools arm embedded/5.4 2016q3/bin/../lib/gcc/arm-none-eabi/5.4.1/../../../../arm-none-eabi/lib/armv7e-m\libg_nano.a(lib_a-locale.o)
 .ARM.attributes
                0x00000373       0x2e c:/program files (x86)/gnu tools arm embedded/5.4 2016q3/bin/../lib/gcc/arm-none-eabi/5.4.1/../../../../arm-none-eabi/lib/armv7e-m\libg_nano.a(lib_a-mbtowc_r.o)
 .ARM.attributes
                0x000003a1       0x2e c:/program files (x86)/gnu tools arm embedded/5.4 2016q3/bin/../lib/gcc/arm-none-eabi/5.4.1/../../../../arm-none-eabi/lib/armv7e-m\libg_nano.a(lib_a-memset.o)
 .ARM.attributes
                0x000003cf       0x2e c:/program files (x86)/gnu tools arm embedded/5.4 2016q3/bin/../lib/gcc/arm-none-eabi/5.4.1/../../../../arm-none-eabi/lib/armv7e-m\libg_nano.a(lib_a-nano-mallocr.o)
 .ARM.attributes
                0x000003fd       0x2e c:/program files (x86)/gnu tools arm embedded/5.4 2016q3/bin/../lib/gcc/arm-none-eabi/5.4.1/../../../../arm-none-eabi/lib/armv7e-m\libg_nano.a(lib_a-puts.o)
 .ARM.attributes
                0x0000042b       0x2e c:/program files (x86)/gnu tools arm embedded/5.4 2016q3/bin/../lib/gcc/arm-none-eabi/5.4.1/../../../../arm-none-eabi/lib/armv7e-m\libg_nano.a(lib_a-sbrkr.o)
 .ARM.attributes
                0x00000459       0x2e c:/program files (x86)/gnu tools arm embedded/5.4 2016q3/bin/../lib/gcc/arm-none-eabi/5.4.1/../../../../arm-none-eabi/lib/armv7e-m\libg_nano.a(lib_a-stdio.o)
 .ARM.attributes
                0x00000487       0x1c c:/program files (x86)/gnu tools arm embedded/5.4 2016q3/bin/../lib/gcc/arm-none-eabi/5.4.1/../../../../arm-none-eabi/lib/armv7e-m\libg_nano.a(lib_a-strcmp.o)
 .ARM.attributes
                0x000004a3       0x17 c:/program files (x86)/gnu tools arm embedded/5.4 2016q3/bin/../lib/gcc/arm-none-eabi/5.4.1/../../../../arm-none-eabi/lib/armv7e-m\libg_nano.a(lib_a-strlen.o)
 .ARM.attributes
                0x000004ba       0x2e c:/program files (x86)/gnu tools arm embedded/5.4 2016q3/bin/../lib/gcc/arm-none-eabi/5.4.1/../../../../arm-none-eabi/lib/armv7e-m\libg_nano.a(lib_a-strtol.o)
 .ARM.attributes
                0x000004e8       0x2e c:/program files (x86)/gnu tools arm embedded/5.4 2016q3/bin/../lib/gcc/arm-none-eabi/5.4.1/../../../../arm-none-eabi/lib/armv7e-m\libg_nano.a(lib_a-vsnprintf.o)
 .ARM.attributes
                0x00000516       0x2e c:/program files (x86)/gnu tools arm embedded/5.4 2016q3/bin/../lib/gcc/arm-none-eabi/5.4.1/../../../../arm-none-eabi/lib/armv7e-m\libg_nano.a(lib_a-wbuf.o)
 .ARM.attributes
                0x00000544       0x2e c:/program files (x86)/gnu tools arm embedded/5.4 2016q3/bin/../lib/gcc/arm-none-eabi/5.4.1/../../../../arm-none-eabi/lib/armv7e-m\libg_nano.a(lib_a-wctomb_r.o)
 .ARM.attributes
                0x00000572       0x2e c:/program files (x86)/gnu tools arm embedded/5.4 2016q3/bin/../lib/gcc/arm-none-eabi/5.4.1/../../../../arm-none-eabi/lib/armv7e-m\libg_nano.a(lib_a-writer.o)
 .ARM.attributes
                0x000005a0       0x2e c:/program files (x86)/gnu tools arm embedded/5.4 2016q3/bin/../lib/gcc/arm-none-eabi/5.4.1/../../../../arm-none-eabi/lib/armv7e-m\libg_nano.a(lib_a-wsetup.o)
 .ARM.attributes
                0x000005ce       0x2e c:/program files (x86)/gnu tools arm embedded/5.4 2016q3/bin/../lib/gcc/arm-none-eabi/5.4.1/../../../../arm-none-eabi/lib/armv7e-m\libg_nano.a(lib_a-closer.o)
 .ARM.attributes
                0x000005fc       0x2e c:/program files (x86)/gnu tools arm embedded/5.4 2016q3/bin/../lib/gcc/arm-none-eabi/5.4.1/../../../../arm-none-eabi/lib/armv7e-m\libg_nano.a(lib_a-ctype_.o)
 .ARM.attributes
                0x0000062a       0x2e c:/program files (x86)/gnu tools arm embedded/5.4 2016q3/bin/../lib/gcc/arm-none-eabi/5.4.1/../../../../arm-none-eabi/lib/armv7e-m\libg_nano.a(lib_a-fflush.o)
 .ARM.attributes
                0x00000658       0x2e c:/program files (x86)/gnu tools arm embedded/5.4 2016q3/bin/../lib/gcc/arm-none-eabi/5.4.1/../../../../arm-none-eabi/lib/armv7e-m\libg_nano.a(lib_a-lseekr.o)
 .ARM.attributes
                0x00000686       0x2e c:/program files (x86)/gnu tools arm embedded/5.4 2016q3/bin/../lib/gcc/arm-none-eabi/5.4.1/../../../../arm-none-eabi/lib/armv7e-m\libg_nano.a(lib_a-makebuf.o)
 .ARM.attributes
                0x000006b4       0x2e c:/program files (x86)/gnu tools arm embedded/5.4 2016q3/bin/../lib/gcc/arm-none-eabi/5.4.1/../../../../arm-none-eabi/lib/armv7e-m\libg_nano.a(lib_a-mlock.o)
 .ARM.attributes
                0x000006e2       0x2e c:/program files (x86)/gnu tools arm embedded/5.4 2016q3/bin/../lib/gcc/arm-none-eabi/5.4.1/../../../../arm-none-eabi/lib/armv7e-m\libg_nano.a(lib_a-nano-freer.o)
 .ARM.attributes
                0x00000710       0x2e c:/program files (x86)/gnu tools arm embedded/5.4 2016q3/bin/../lib/gcc/arm-none-eabi/5.4.1/../../../../arm-none-eabi/lib/armv7e-m\libg_nano.a(lib_a-nano-svfprintf.o)
 .ARM.attributes
                0x0000073e       0x2e c:/program files (x86)/gnu tools arm embedded/5.4 2016q3/bin/../lib/gcc/arm-none-eabi/5.4.1/../../../../arm-none-eabi/lib/armv7e-m\libg_nano.a(lib_a-nano-vfprintf_i.o)
 .ARM.attributes
                0x0000076c       0x2e c:/program files (x86)/gnu tools arm embedded/5.4 2016q3/bin/../lib/gcc/arm-none-eabi/5.4.1/../../../../arm-none-eabi/lib/armv7e-m\libg_nano.a(lib_a-readr.o)
 .ARM.attributes
                0x0000079a       0x2e c:/program files (x86)/gnu tools arm embedded/5.4 2016q3/bin/../lib/gcc/arm-none-eabi/5.4.1/../../../../arm-none-eabi/lib/armv7e-m\libg_nano.a(lib_a-fstatr.o)
 .ARM.attributes
                0x000007c8       0x2e c:/program files (x86)/gnu tools arm embedded/5.4 2016q3/bin/../lib/gcc/arm-none-eabi/5.4.1/../../../../arm-none-eabi/lib/armv7e-m\libg_nano.a(lib_a-isattyr.o)
 .ARM.attributes
                0x000007f6       0x1c c:/program files (x86)/gnu tools arm embedded/5.4 2016q3/bin/../lib/gcc/arm-none-eabi/5.4.1/../../../../arm-none-eabi/lib/armv7e-m\libg_nano.a(lib_a-memchr.o)
 .ARM.attributes
                0x00000812       0x2e c:/program files (x86)/gnu tools arm embedded/5.4 2016q3/bin/../lib/gcc/arm-none-eabi/5.4.1/../../../../arm-none-eabi/lib/armv7e-m\libg_nano.a(lib_a-memcpy-stub.o)
 .ARM.attributes
                0x00000840       0x2e c:/program files (x86)/gnu tools arm embedded/5.4 2016q3/bin/../lib/gcc/arm-none-eabi/5.4.1/../../../../arm-none-eabi/lib/armv7e-m\libg_nano.a(lib_a-memmove.o)
 .ARM.attributes
                0x0000086e       0x2e c:/program files (x86)/gnu tools arm embedded/5.4 2016q3/bin/../lib/gcc/arm-none-eabi/5.4.1/../../../../arm-none-eabi/lib/armv7e-m\libg_nano.a(lib_a-nano-reallocr.o)
 .ARM.attributes
                0x0000089c       0x2e c:/program files (x86)/gnu tools arm embedded/5.4 2016q3/bin/../lib/gcc/arm-none-eabi/5.4.1/../../../../arm-none-eabi/lib/armv7e-m\libg_nano.a(lib_a-nano-msizer.o)

.debug
 *(.debug)

.line
 *(.line)

.debug_srcinfo
 *(.debug_srcinfo)

.debug_sfnames
 *(.debug_sfnames)

.debug_aranges  0x00000000      0x330
 *(.debug_aranges)
 .debug_aranges
                0x00000000       0x20 ./system/src/newlib/_sbrk.o
 .debug_aranges
                0x00000020       0x40 ./system/src/newlib/_startup.o
 .debug_aranges
                0x00000060      0x120 ./system/src/newlib/_syscalls.o
 .debug_aranges
                0x00000180       0x38 ./system/src/diag/Trace.o
 .debug_aranges
                0x000001b8       0x30 ./system/src/diag/trace_impl.o
 .debug_aranges
                0x000001e8       0x28 ./system/src/cortexm/_initialize_hardware.o
 .debug_aranges
                0x00000210       0x90 ./system/src/cortexm/exception_handlers.o
 .debug_aranges
                0x000002a0       0x28 ./system/src/cmsis/system_DEVICE.o
 .debug_aranges
                0x000002c8       0x20 ./system/src/cmsis/vectors_DEVICE.o
 .debug_aranges
                0x000002e8       0x28 ./src/Timer.o
 .debug_aranges
                0x00000310       0x20 ./src/main.o

.debug_pubnames
 *(.debug_pubnames)

.debug_info     0x00000000     0x4a07
 *(.debug_info .gnu.linkonce.wi.*)
 .debug_info    0x00000000      0x11f ./system/src/newlib/_sbrk.o
 .debug_info    0x0000011f      0x45f ./system/src/newlib/_startup.o
 .debug_info    0x0000057e     0x1f47 ./system/src/newlib/_syscalls.o
 .debug_info    0x000024c5      0x2e7 ./system/src/diag/Trace.o
 .debug_info    0x000027ac      0x315 ./system/src/diag/trace_impl.o
 .debug_info    0x00002ac1      0x2d2 ./system/src/cortexm/_initialize_hardware.o
 .debug_info    0x00002d93      0x9be ./system/src/cortexm/exception_handlers.o
 .debug_info    0x00003751       0xe7 ./system/src/cmsis/system_DEVICE.o
 .debug_info    0x00003838       0xd0 ./system/src/cmsis/vectors_DEVICE.o
 .debug_info    0x00003908      0x1ba ./src/Timer.o
 .debug_info    0x00003ac2      0xf45 ./src/main.o

.debug_abbrev   0x00000000     0x137f
 *(.debug_abbrev)
 .debug_abbrev  0x00000000       0xb9 ./system/src/newlib/_sbrk.o
 .debug_abbrev  0x000000b9      0x1ac ./system/src/newlib/_startup.o
 .debug_abbrev  0x00000265      0x416 ./system/src/newlib/_syscalls.o
 .debug_abbrev  0x0000067b      0x156 ./system/src/diag/Trace.o
 .debug_abbrev  0x000007d1      0x1c8 ./system/src/diag/trace_impl.o
 .debug_abbrev  0x00000999       0xea ./system/src/cortexm/_initialize_hardware.o
 .debug_abbrev  0x00000a83      0x286 ./system/src/cortexm/exception_handlers.o
 .debug_abbrev  0x00000d09       0x7b ./system/src/cmsis/system_DEVICE.o
 .debug_abbrev  0x00000d84       0x9d ./system/src/cmsis/vectors_DEVICE.o
 .debug_abbrev  0x00000e21      0x183 ./src/Timer.o
 .debug_abbrev  0x00000fa4      0x3db ./src/main.o

.debug_line     0x00000000     0x2b3f
 *(.debug_line)
 .debug_line    0x00000000      0x2ee ./system/src/newlib/_sbrk.o
 .debug_line    0x000002ee      0x3ad ./system/src/newlib/_startup.o
 .debug_line    0x0000069b      0x890 ./system/src/newlib/_syscalls.o
 .debug_line    0x00000f2b      0x3a8 ./system/src/diag/Trace.o
 .debug_line    0x000012d3      0x43a ./system/src/diag/trace_impl.o
 .debug_line    0x0000170d      0x2c8 ./system/src/cortexm/_initialize_hardware.o
 .debug_line    0x000019d5      0x524 ./system/src/cortexm/exception_handlers.o
 .debug_line    0x00001ef9      0x2ad ./system/src/cmsis/system_DEVICE.o
 .debug_line    0x000021a6      0x245 ./system/src/cmsis/vectors_DEVICE.o
 .debug_line    0x000023eb      0x2f6 ./src/Timer.o
 .debug_line    0x000026e1      0x45e ./src/main.o

.debug_frame    0x00000000     0x1130
 *(.debug_frame)
 .debug_frame   0x00000000       0x28 ./system/src/newlib/_sbrk.o
 .debug_frame   0x00000028       0x7c ./system/src/newlib/_startup.o
 .debug_frame   0x000000a4      0x3d8 ./system/src/newlib/_syscalls.o
 .debug_frame   0x0000047c       0x94 ./system/src/diag/Trace.o
 .debug_frame   0x00000510       0x60 ./system/src/diag/trace_impl.o
 .debug_frame   0x00000570       0x40 ./system/src/cortexm/_initialize_hardware.o
 .debug_frame   0x000005b0      0x164 ./system/src/cortexm/exception_handlers.o
 .debug_frame   0x00000714       0x30 ./system/src/cmsis/system_DEVICE.o
 .debug_frame   0x00000744       0x20 ./system/src/cmsis/vectors_DEVICE.o
 .debug_frame   0x00000764       0x30 ./src/Timer.o
 .debug_frame   0x00000794       0x2c ./src/main.o
 .debug_frame   0x000007c0       0x30 c:/program files (x86)/gnu tools arm embedded/5.4 2016q3/bin/../lib/gcc/arm-none-eabi/5.4.1/../../../../arm-none-eabi/lib/armv7e-m\libg_nano.a(lib_a-atoi.o)
 .debug_frame   0x000007f0       0x20 c:/program files (x86)/gnu tools arm embedded/5.4 2016q3/bin/../lib/gcc/arm-none-eabi/5.4.1/../../../../arm-none-eabi/lib/armv7e-m\libg_nano.a(lib_a-errno.o)
 .debug_frame   0x00000810      0x11c c:/program files (x86)/gnu tools arm embedded/5.4 2016q3/bin/../lib/gcc/arm-none-eabi/5.4.1/../../../../arm-none-eabi/lib/armv7e-m\libg_nano.a(lib_a-findfp.o)
 .debug_frame   0x0000092c       0x54 c:/program files (x86)/gnu tools arm embedded/5.4 2016q3/bin/../lib/gcc/arm-none-eabi/5.4.1/../../../../arm-none-eabi/lib/armv7e-m\libg_nano.a(lib_a-fwalk.o)
 .debug_frame   0x00000980       0x4c c:/program files (x86)/gnu tools arm embedded/5.4 2016q3/bin/../lib/gcc/arm-none-eabi/5.4.1/../../../../arm-none-eabi/lib/armv7e-m\libg_nano.a(lib_a-fwrite.o)
 .debug_frame   0x000009cc       0x88 c:/program files (x86)/gnu tools arm embedded/5.4 2016q3/bin/../lib/gcc/arm-none-eabi/5.4.1/../../../../arm-none-eabi/lib/armv7e-m\libg_nano.a(lib_a-locale.o)
 .debug_frame   0x00000a54       0x44 c:/program files (x86)/gnu tools arm embedded/5.4 2016q3/bin/../lib/gcc/arm-none-eabi/5.4.1/../../../../arm-none-eabi/lib/armv7e-m\libg_nano.a(lib_a-mbtowc_r.o)
 .debug_frame   0x00000a98       0x20 c:/program files (x86)/gnu tools arm embedded/5.4 2016q3/bin/../lib/gcc/arm-none-eabi/5.4.1/../../../../arm-none-eabi/lib/armv7e-m\libg_nano.a(lib_a-memset.o)
 .debug_frame   0x00000ab8       0x2c c:/program files (x86)/gnu tools arm embedded/5.4 2016q3/bin/../lib/gcc/arm-none-eabi/5.4.1/../../../../arm-none-eabi/lib/armv7e-m\libg_nano.a(lib_a-nano-mallocr.o)
 .debug_frame   0x00000ae4       0x3c c:/program files (x86)/gnu tools arm embedded/5.4 2016q3/bin/../lib/gcc/arm-none-eabi/5.4.1/../../../../arm-none-eabi/lib/armv7e-m\libg_nano.a(lib_a-puts.o)
 .debug_frame   0x00000b20       0x2c c:/program files (x86)/gnu tools arm embedded/5.4 2016q3/bin/../lib/gcc/arm-none-eabi/5.4.1/../../../../arm-none-eabi/lib/armv7e-m\libg_nano.a(lib_a-sbrkr.o)
 .debug_frame   0x00000b4c       0x88 c:/program files (x86)/gnu tools arm embedded/5.4 2016q3/bin/../lib/gcc/arm-none-eabi/5.4.1/../../../../arm-none-eabi/lib/armv7e-m\libg_nano.a(lib_a-stdio.o)
 .debug_frame   0x00000bd4       0x20 c:/program files (x86)/gnu tools arm embedded/5.4 2016q3/bin/../lib/gcc/arm-none-eabi/5.4.1/../../../../arm-none-eabi/lib/armv7e-m\libg_nano.a(lib_a-strcmp.o)
 .debug_frame   0x00000bf4       0x84 c:/program files (x86)/gnu tools arm embedded/5.4 2016q3/bin/../lib/gcc/arm-none-eabi/5.4.1/../../../../arm-none-eabi/lib/armv7e-m\libg_nano.a(lib_a-strtol.o)
 .debug_frame   0x00000c78       0x48 c:/program files (x86)/gnu tools arm embedded/5.4 2016q3/bin/../lib/gcc/arm-none-eabi/5.4.1/../../../../arm-none-eabi/lib/armv7e-m\libg_nano.a(lib_a-vsnprintf.o)
 .debug_frame   0x00000cc0       0x40 c:/program files (x86)/gnu tools arm embedded/5.4 2016q3/bin/../lib/gcc/arm-none-eabi/5.4.1/../../../../arm-none-eabi/lib/armv7e-m\libg_nano.a(lib_a-wbuf.o)
 .debug_frame   0x00000d00       0x3c c:/program files (x86)/gnu tools arm embedded/5.4 2016q3/bin/../lib/gcc/arm-none-eabi/5.4.1/../../../../arm-none-eabi/lib/armv7e-m\libg_nano.a(lib_a-wctomb_r.o)
 .debug_frame   0x00000d3c       0x2c c:/program files (x86)/gnu tools arm embedded/5.4 2016q3/bin/../lib/gcc/arm-none-eabi/5.4.1/../../../../arm-none-eabi/lib/armv7e-m\libg_nano.a(lib_a-writer.o)
 .debug_frame   0x00000d68       0x2c c:/program files (x86)/gnu tools arm embedded/5.4 2016q3/bin/../lib/gcc/arm-none-eabi/5.4.1/../../../../arm-none-eabi/lib/armv7e-m\libg_nano.a(lib_a-wsetup.o)
 .debug_frame   0x00000d94       0x2c c:/program files (x86)/gnu tools arm embedded/5.4 2016q3/bin/../lib/gcc/arm-none-eabi/5.4.1/../../../../arm-none-eabi/lib/armv7e-m\libg_nano.a(lib_a-closer.o)
 .debug_frame   0x00000dc0       0x68 c:/program files (x86)/gnu tools arm embedded/5.4 2016q3/bin/../lib/gcc/arm-none-eabi/5.4.1/../../../../arm-none-eabi/lib/armv7e-m\libg_nano.a(lib_a-fflush.o)
 .debug_frame   0x00000e28       0x2c c:/program files (x86)/gnu tools arm embedded/5.4 2016q3/bin/../lib/gcc/arm-none-eabi/5.4.1/../../../../arm-none-eabi/lib/armv7e-m\libg_nano.a(lib_a-lseekr.o)
 .debug_frame   0x00000e54       0x54 c:/program files (x86)/gnu tools arm embedded/5.4 2016q3/bin/../lib/gcc/arm-none-eabi/5.4.1/../../../../arm-none-eabi/lib/armv7e-m\libg_nano.a(lib_a-makebuf.o)
 .debug_frame   0x00000ea8       0x30 c:/program files (x86)/gnu tools arm embedded/5.4 2016q3/bin/../lib/gcc/arm-none-eabi/5.4.1/../../../../arm-none-eabi/lib/armv7e-m\libg_nano.a(lib_a-mlock.o)
 .debug_frame   0x00000ed8       0x38 c:/program files (x86)/gnu tools arm embedded/5.4 2016q3/bin/../lib/gcc/arm-none-eabi/5.4.1/../../../../arm-none-eabi/lib/armv7e-m\libg_nano.a(lib_a-nano-freer.o)
 .debug_frame   0x00000f10       0x90 c:/program files (x86)/gnu tools arm embedded/5.4 2016q3/bin/../lib/gcc/arm-none-eabi/5.4.1/../../../../arm-none-eabi/lib/armv7e-m\libg_nano.a(lib_a-nano-svfprintf.o)
 .debug_frame   0x00000fa0       0x60 c:/program files (x86)/gnu tools arm embedded/5.4 2016q3/bin/../lib/gcc/arm-none-eabi/5.4.1/../../../../arm-none-eabi/lib/armv7e-m\libg_nano.a(lib_a-nano-vfprintf_i.o)
 .debug_frame   0x00001000       0x2c c:/program files (x86)/gnu tools arm embedded/5.4 2016q3/bin/../lib/gcc/arm-none-eabi/5.4.1/../../../../arm-none-eabi/lib/armv7e-m\libg_nano.a(lib_a-readr.o)
 .debug_frame   0x0000102c       0x2c c:/program files (x86)/gnu tools arm embedded/5.4 2016q3/bin/../lib/gcc/arm-none-eabi/5.4.1/../../../../arm-none-eabi/lib/armv7e-m\libg_nano.a(lib_a-fstatr.o)
 .debug_frame   0x00001058       0x2c c:/program files (x86)/gnu tools arm embedded/5.4 2016q3/bin/../lib/gcc/arm-none-eabi/5.4.1/../../../../arm-none-eabi/lib/armv7e-m\libg_nano.a(lib_a-isattyr.o)
 .debug_frame   0x00001084       0x28 c:/program files (x86)/gnu tools arm embedded/5.4 2016q3/bin/../lib/gcc/arm-none-eabi/5.4.1/../../../../arm-none-eabi/lib/armv7e-m\libg_nano.a(lib_a-memcpy-stub.o)
 .debug_frame   0x000010ac       0x28 c:/program files (x86)/gnu tools arm embedded/5.4 2016q3/bin/../lib/gcc/arm-none-eabi/5.4.1/../../../../arm-none-eabi/lib/armv7e-m\libg_nano.a(lib_a-memmove.o)
 .debug_frame   0x000010d4       0x3c c:/program files (x86)/gnu tools arm embedded/5.4 2016q3/bin/../lib/gcc/arm-none-eabi/5.4.1/../../../../arm-none-eabi/lib/armv7e-m\libg_nano.a(lib_a-nano-reallocr.o)
 .debug_frame   0x00001110       0x20 c:/program files (x86)/gnu tools arm embedded/5.4 2016q3/bin/../lib/gcc/arm-none-eabi/5.4.1/../../../../arm-none-eabi/lib/armv7e-m\libg_nano.a(lib_a-nano-msizer.o)

.debug_str      0x00000000     0xfe4e
 *(.debug_str)
 .debug_str     0x00000000     0x60fc ./system/src/newlib/_sbrk.o
                               0x626e (size before relaxing)
 .debug_str     0x000060fc      0xbdc ./system/src/newlib/_startup.o
                               0x5dee (size before relaxing)
 .debug_str     0x00006cd8     0x3913 ./system/src/newlib/_syscalls.o
                               0xa649 (size before relaxing)
 .debug_str     0x0000a5eb      0x17d ./system/src/diag/Trace.o
                               0x7673 (size before relaxing)
 .debug_str     0x0000a768     0x4987 ./system/src/diag/trace_impl.o
                               0xb7b6 (size before relaxing)
 .debug_str     0x0000f0ef       0xbd ./system/src/cortexm/_initialize_hardware.o
                               0x7dd0 (size before relaxing)
 .debug_str     0x0000f1ac      0x204 ./system/src/cortexm/exception_handlers.o
                               0xc5f4 (size before relaxing)
 .debug_str     0x0000f3b0       0x8e ./system/src/cmsis/system_DEVICE.o
                               0x7d74 (size before relaxing)
 .debug_str     0x0000f43e       0x54 ./system/src/cmsis/vectors_DEVICE.o
                               0x3446 (size before relaxing)
 .debug_str     0x0000f492      0x5c8 ./src/Timer.o
                               0x813f (size before relaxing)
 .debug_str     0x0000fa5a      0x3f4 ./src/main.o
                               0xd374 (size before relaxing)

.debug_loc      0x00000000     0x1a05
 *(.debug_loc)
 .debug_loc     0x00000000       0x82 ./system/src/newlib/_sbrk.o
 .debug_loc     0x00000082      0x265 ./system/src/newlib/_startup.o
 .debug_loc     0x000002e7      0xf28 ./system/src/newlib/_syscalls.o
 .debug_loc     0x0000120f      0x102 ./system/src/diag/Trace.o
 .debug_loc     0x00001311      0x17c ./system/src/diag/trace_impl.o
 .debug_loc     0x0000148d      0x43a ./system/src/cortexm/exception_handlers.o
 .debug_loc     0x000018c7      0x13e ./src/main.o

.debug_macinfo
 *(.debug_macinfo)

.debug_weaknames
 *(.debug_weaknames)

.debug_funcnames
 *(.debug_funcnames)

.debug_typenames
 *(.debug_typenames)

.debug_varnames
 *(.debug_varnames)
OUTPUT(PinewoodDerby.elf elf32-littlearm)

.debug_ranges   0x00000000      0x318
 .debug_ranges  0x00000000       0x10 ./system/src/newlib/_sbrk.o
 .debug_ranges  0x00000010       0x48 ./system/src/newlib/_startup.o
 .debug_ranges  0x00000058      0x148 ./system/src/newlib/_syscalls.o
 .debug_ranges  0x000001a0       0x28 ./system/src/diag/Trace.o
 .debug_ranges  0x000001c8       0x38 ./system/src/diag/trace_impl.o
 .debug_ranges  0x00000200       0x18 ./system/src/cortexm/_initialize_hardware.o
 .debug_ranges  0x00000218       0x98 ./system/src/cortexm/exception_handlers.o
 .debug_ranges  0x000002b0       0x18 ./system/src/cmsis/system_DEVICE.o
 .debug_ranges  0x000002c8       0x10 ./system/src/cmsis/vectors_DEVICE.o
 .debug_ranges  0x000002d8       0x18 ./src/Timer.o
 .debug_ranges  0x000002f0       0x28 ./src/main.o

.debug_macro    0x00000000     0x41e7
 .debug_macro   0x00000000      0x151 ./system/src/newlib/_sbrk.o
 .debug_macro   0x00000151      0x174 ./system/src/newlib/_sbrk.o
 .debug_macro   0x000002c5       0x10 ./system/src/newlib/_sbrk.o
 .debug_macro   0x000002d5      0x23b ./system/src/newlib/_sbrk.o
 .debug_macro   0x00000510      0x170 ./system/src/newlib/_startup.o
 .debug_macro   0x00000680       0x87 ./system/src/newlib/_startup.o
 .debug_macro   0x00000707       0x44 ./system/src/newlib/_startup.o
 .debug_macro   0x0000074b       0xfd ./system/src/newlib/_startup.o
 .debug_macro   0x00000848      0x1df ./system/src/newlib/_startup.o
 .debug_macro   0x00000a27       0x52 ./system/src/newlib/_startup.o
 .debug_macro   0x00000a79      0x2c1 ./system/src/newlib/_syscalls.o
 .debug_macro   0x00000d3a       0x10 ./system/src/newlib/_syscalls.o
 .debug_macro   0x00000d4a       0x10 ./system/src/newlib/_syscalls.o
 .debug_macro   0x00000d5a       0x10 ./system/src/newlib/_syscalls.o
 .debug_macro   0x00000d6a       0x35 ./system/src/newlib/_syscalls.o
 .debug_macro   0x00000d9f      0x122 ./system/src/newlib/_syscalls.o
 .debug_macro   0x00000ec1      0x1da ./system/src/newlib/_syscalls.o
 .debug_macro   0x0000109b       0x10 ./system/src/newlib/_syscalls.o
 .debug_macro   0x000010ab       0x1c ./system/src/newlib/_syscalls.o
 .debug_macro   0x000010c7       0x10 ./system/src/newlib/_syscalls.o
 .debug_macro   0x000010d7       0x10 ./system/src/newlib/_syscalls.o
 .debug_macro   0x000010e7       0x16 ./system/src/newlib/_syscalls.o
 .debug_macro   0x000010fd      0x18b ./system/src/newlib/_syscalls.o
 .debug_macro   0x00001288       0x16 ./system/src/newlib/_syscalls.o
 .debug_macro   0x0000129e       0x88 ./system/src/newlib/_syscalls.o
 .debug_macro   0x00001326      0x241 ./system/src/newlib/_syscalls.o
 .debug_macro   0x00001567       0x16 ./system/src/newlib/_syscalls.o
 .debug_macro   0x0000157d       0x3a ./system/src/newlib/_syscalls.o
 .debug_macro   0x000015b7      0x111 ./system/src/newlib/_syscalls.o
 .debug_macro   0x000016c8      0x159 ./system/src/newlib/_syscalls.o
 .debug_macro   0x00001821       0x16 ./system/src/newlib/_syscalls.o
 .debug_macro   0x00001837       0x22 ./system/src/newlib/_syscalls.o
 .debug_macro   0x00001859      0x1d9 ./system/src/diag/Trace.o
 .debug_macro   0x00001a32       0x16 ./system/src/diag/Trace.o
 .debug_macro   0x00001a48       0x97 ./system/src/diag/Trace.o
 .debug_macro   0x00001adf       0xfd ./system/src/diag/Trace.o
 .debug_macro   0x00001bdc       0x4c ./system/src/diag/Trace.o
 .debug_macro   0x00001c28      0x1f2 ./system/src/diag/trace_impl.o
 .debug_macro   0x00001e1a       0x2b ./system/src/diag/trace_impl.o
 .debug_macro   0x00001e45       0x35 ./system/src/diag/trace_impl.o
 .debug_macro   0x00001e7a       0x50 ./system/src/diag/trace_impl.o
 .debug_macro   0x00001eca      0xbc6 ./system/src/diag/trace_impl.o
 .debug_macro   0x00002a90       0x43 ./system/src/diag/trace_impl.o
 .debug_macro   0x00002ad3       0x10 ./system/src/diag/trace_impl.o
 .debug_macro   0x00002ae3       0xcf ./system/src/diag/trace_impl.o
 .debug_macro   0x00002bb2       0xbe ./system/src/diag/trace_impl.o
 .debug_macro   0x00002c70       0xc5 ./system/src/cortexm/_initialize_hardware.o
 .debug_macro   0x00002d35      0x247 ./system/src/cortexm/exception_handlers.o
 .debug_macro   0x00002f7c       0x3b ./system/src/cortexm/exception_handlers.o
 .debug_macro   0x00002fb7       0x10 ./system/src/cortexm/exception_handlers.o
 .debug_macro   0x00002fc7       0xcd ./system/src/cmsis/system_DEVICE.o
 .debug_macro   0x00003094       0x73 ./system/src/cmsis/vectors_DEVICE.o
 .debug_macro   0x00003107       0xdd ./src/Timer.o
 .debug_macro   0x000031e4       0x1c ./src/Timer.o
 .debug_macro   0x00003200      0xbc6 ./src/Timer.o
 .debug_macro   0x00003dc6       0x10 ./src/Timer.o
 .debug_macro   0x00003dd6      0x276 ./src/main.o
 .debug_macro   0x0000404c       0x97 ./src/main.o
 .debug_macro   0x000040e3      0x104 ./src/main.o
